// Jest Snapshot v1, https://goo.gl/fbAQLP

exports[`SearchBar component renders correctly 1`] = `
<body>
  <div>
    <div
      class="sc-iGgWBj cprdnI"
    >
      <input
        class="sc-gsFSXq eTURDc"
        data-testid="search-input"
        placeholder="Search items"
        type="text"
      />
      <button
        class="sc-kAyceB bteuaS"
        data-testid="button-search"
      >
        <svg
          class="sc-eqUAAy gUDgei"
          fill="currentColor"
          height="1em"
          stroke="currentColor"
          stroke-width="0"
          viewBox="0 0 24 24"
          width="1em"
          xmlns="http://www.w3.org/2000/svg"
        >
          <path
            d="M0 0h24v24H0V0z"
            fill="none"
          />
          <path
            d="M15.5 14h-.79l-.28-.27A6.471 6.471 0 0 0 16 9.5 6.5 6.5 0 1 0 9.5 16c1.61 0 3.09-.59 4.23-1.57l.27.28v.79l5 4.99L20.49 19l-4.99-5zm-6 0C7.01 14 5 11.99 5 9.5S7.01 5 9.5 5 14 7.01 14 9.5 11.99 14 9.5 14z"
          />
        </svg>
      </button>
    </div>
  </div>
</body>
`;
